<div class='content'><span class='grayed'>Module: </span><a href='#'>function</a></div><div class='definition'><pre><span style="color:#000080;font-weight:bold;">private</span> <span style="color:#000080;font-weight:bold;">fn</span> <span style="color:#000000;">foo</span>() <span style="color:#000000;">void</span></pre></div><br><br><br><div class='content'><span class='grayed'>Module: </span><a href='#'>function</a></div><div class='definition'><pre><span style="color:#000080;font-weight:bold;">private</span> <span style="color:#000080;font-weight:bold;">fn</span> <span style="color:#000000;">foo1</span>(<span style="">a</span> <span style="color:#000080;font-weight:bold;">int</span>) <span style="color:#000000;">void</span></pre></div><br><br><br><div class='content'><span class='grayed'>Module: </span><a href='#'>function</a></div><div class='definition'><pre><span style="color:#000080;font-weight:bold;">public</span> <span style="color:#000080;font-weight:bold;">fn</span> <span style="color:#000000;">foo2</span>(
    <span style="">a</span> <span style="color:#000080;font-weight:bold;">int</span>,
    <span style="">b</span> <span style="color:#000000;">string</span>,
) <span style="color:#000000;">void</span></pre></div><br><br><br><div class='content'><span class='grayed'>Module: </span><a href='#'>function</a></div><div class='definition'><pre><span style="color:#000080;font-weight:bold;">private</span> <span style="color:#000080;font-weight:bold;">fn</span> <span style="color:#000000;">foo3</span>(
    <span style="">a</span> <span style="color:#000080;font-weight:bold;">int</span>,
    <span style="">b</span> <span style="color:#000000;">string</span>,
    <span style="">c</span> <span style="color:#000080;font-weight:bold;">f64</span>,
) <span style="color:#000000;">string</span></pre></div><div class='content'> foo3 is a function with a return value</div><br><br><br><div class='content'><span class='grayed'>Module: </span><a href='#'>function</a></div><div class='definition'><pre><span style="color:#000080;font-weight:bold;">private</span> <span style="color:#000080;font-weight:bold;">fn</span> <span style="color:#000000;">foo4</span>&lt;<span style="color:#000000;">T</span>&gt;(<span style="">a</span> <span style="color:#000000;">T</span>) <span style="color:#000000;">T</span></pre></div><br><br><br><div class='content'><span class='grayed'>Module: </span><a href='#'>function</a></div><div class='definition'><pre><span style="color:#000080;font-weight:bold;">private</span> <span style="color:#000080;font-weight:bold;">fn</span> <span style="color:#000000;">foo5</span>(<span style="color:#000080;font-weight:bold;">mutable</span> <span style="">a</span> <span style="color:#000000;">string</span>) <span style="color:#000000;">string</span></pre></div><br><br><br><div class='content'><span class='grayed'>Module: </span><a href='#'>function</a></div><div class='definition'><pre><span style="color:#000080;font-weight:bold;">public</span> <span style="color:#000080;font-weight:bold;">fn</span> <span style="color:#000000;">foo6</span>(
   <span style="color:#000080;font-weight:bold;">mutable</span>        <span style="">a</span> <span style="color:#000000;">string</span>,
   <span style="color:#000080;font-weight:bold;">shared</span>         <span style="">b</span> <span style="color:#000080;font-weight:bold;">int</span>,
   <span style="color:#000080;font-weight:bold;">mutable</span> <span style="color:#000080;font-weight:bold;">shared</span> <span style="">c</span> <span style="color:#000000;">string</span>,
) !<span style="color:#000000;">string</span></pre></div><div class='content'> foo6 is a function with a return value<br> and some<br> long documentation</div><br><br><br><div class='content'><span class='grayed'>Module: </span><a href='#'>function</a></div><div class='definition'><pre><span style="color:#000080;font-weight:bold;">private</span> <span style="color:#000080;font-weight:bold;">fn</span> <span style="color:#000000;">foo7</span>(
   <span style="color:#000080;font-weight:bold;">mutable</span> <span style="">a</span> <span style="color:#000000;">string</span>,
           <span style="">b</span> <span style="color:#000080;font-weight:bold;">shared </span><span style="color:#000080;font-weight:bold;">int</span>,
) !<span style="color:#000000;">string</span></pre></div>