<div class='definition'><pre><span style="color:#000080;font-weight:bold;">module</span> <span style="color:#000000;">main</span></pre></div><div class='content'> This module follows a similar convention to Rust: `init` makes the<br> structure of the program in the _current_ directory, while `new`<br> makes the program structure in a _sub_ directory. Besides that, the<br> functionality is essentially the same.</div>